// Jest Snapshot v1, https://goo.gl/fbAQLP

exports[`Seven Hour unit tests it should match snapshot 1`] = `
<section
  className="forecast"
>
  <h1
    aria-label="Hourly Forecast for the next 7 hours"
    className="forecast-title"
    tabIndex="0"
  >
    Hourly
  </h1>
  <ul
    className="forecast-list"
  >
    <li
      aria-label="Hourly Forecast Item"
      className="forecast-list-item"
      tabIndex="0"
    >
      <h2
        aria-label="Weather for 12"
        className="forecast-list-item__title"
        tabIndex="0"
      >
        12
      </h2>
      <i
        alt="partlycloudy"
        className="forecast-list-item__icon wi wi-wu-partlycloudy"
      />
      <p
        aria-label="Weather will be 47 at undefined o'clock"
        className="forecast-conditions"
        tabIndex="0"
      >
        47
        °
      </p>
    </li>
    <li
      aria-label="Hourly Forecast Item"
      className="forecast-list-item"
      tabIndex="0"
    >
      <h2
        aria-label="Weather for 13"
        className="forecast-list-item__title"
        tabIndex="0"
      >
        13
      </h2>
      <i
        alt="partlycloudy"
        className="forecast-list-item__icon wi wi-wu-partlycloudy"
      />
      <p
        aria-label="Weather will be 49 at undefined o'clock"
        className="forecast-conditions"
        tabIndex="0"
      >
        49
        °
      </p>
    </li>
  </ul>
</section>
`;
